[0, true, String]
2
4
[0, 1, 2, 3]
[-1, 0, 1, 2]
[0, 10, 1, 2]
[0, 2]
[0, 1, 2, 4, 8, 16, 32, 64]
