I cannot speak, I am a pet !
Woof ! Woof ! I am Medor !
