42
Hello Alice !
Hello Bob !
Variable 42 from callback.
