0
1
227
true
false
true
true
true
false
true
false
false
true
false
true
false
true
false
true
0
0
-1
1
16
16
16
16
1000
136
14
10
24
6
0
-22
5
23
18
8
34
5.6
-5.6
1
0
